<testsuites name="jest tests" tests="4" failures="0" time="3.172">
  <testsuite name="undefined" errors="0" failures="0" skipped="0" timestamp="2022-04-30T06:21:31" time="3.172" tests="4">
    <testcase classname=" Initial articles render correctly" name=" Initial articles render correctly" time="0.068">
    </testcase>
    <testcase classname=" Clicking on top renders expected articles" name=" Clicking on top renders expected articles" time="0.025">
    </testcase>
    <testcase classname=" Clicking on newest renders expected articles" name=" Clicking on newest renders expected articles" time="0.018">
    </testcase>
    <testcase classname=" Sequence of navigation clicks renders expected artices" name=" Sequence of navigation clicks renders expected artices" time="0.043">
    </testcase>
  </testsuite>
</testsuites>